IDA has found an unpacked version of database: D:\Workspace\ra2mod\platform\KratosPP\ida_work\gamemd_p1.idb<br>on the disk.<br><div align='center'><label style='color:red'>It appears IDA did not close properly;<br>it is probably safer to restart your work from the packed database</label></div> -> ~R~estore packed base
D:\Workspace\ra2mod\platform\KratosPP\ida_work\gamemd_p1.id0: Permission denied -> OKIDA has found an unpacked version of database: D:\Workspace\ra2mod\platform\KratosPP\ida_work\gamemd_p1.idb<br>on the disk.<br><div align='center'><label style='color:red'>It appears IDA did not close properly;<br>it is probably safer to restart your work from the packed database</label></div> -> ~R~estore packed base

  bytes   pages size description
--------- ----- ---- --------------------------------------------
 93364224 11397 8192 allocating memory for b-tree...
 31367168  3829 8192 allocating memory for virtual array...
   262144    32 8192 allocating memory for name pointers...
-----------------------------------------------------------------
124993536            total memory allocated

Loading processor module D:\Workspace\ra2mod\platform\IDA_Pro_v8.3_Portable\procs\pc.dll for metapc...Initializing processor module metapc...OK
Loading type libraries...
Autoanalysis subsystem has been initialized.
Database for file '' has been loaded.
Hex-Rays Decompiler plugin has been loaded (v8.3.0.230608)
  License: 57-0000-0000-00 Hex-Rays SA (32767 users)
  The hotkeys are F5: decompile, Ctrl-F5: decompile all.

  Please check the Edit/Plugins menu for more information.
================================================================================
Findcrypt v0.2 by David BERARD, 2017
Findcrypt search shortcut key is Ctrl-Alt-F
Global rules in D:\Workspace\ra2mod\platform\IDA_Pro_v8.3_Portable\plugins\findcrypt3.rules
User-defined rules in C:\Users\chris\AppData\Roaming\Hex-Rays\IDA Pro\plugins\findcrypt-yara/*.rules
================================================================================
Hex-rays version 8.3.0.230608 has been detected, gooMBA plugin ready to use

 IDA Strong Charset Code View 0.3 
 Show Strong Charset View Use 'shift' 
 Auto Set Default 8bit Decode to CP-ACP True.
 IDA Strong Charset Code View Plugin By 微笑一刀 

6F77B0: restored microcode from idb
6F77B0: restored pseudocode from idb
B0EB24: using guessed type int Bridge_Height_xxx;
417FE0: restored microcode from idb
417FE0: restored pseudocode from idb
418246: inconsistent fpu stack
4180F2: variable 'v13' is possibly undefined
4182D1: variable 'v21' is possibly undefined
4184C5: variable 'v85' is possibly undefined
4184C5: variable 'v88' is possibly undefined
418669: variable 'v42' is possibly undefined
4186A0: variable 'v44' is possibly undefined
4197C0: using guessed type _DWORD __stdcall sub_4197C0(_DWORD);
481670: using guessed type _DWORD __stdcall CellClass_ScatterContent(_DWORD, _DWORD, _DWORD, char);
5F3DB0: using guessed type _DWORD __stdcall ObjectClass_Get_Height_(_DWORD, _DWORD);
417FE0: using guessed type char var_6C[8];
417FE0: using guessed type char var_70[4];
417FE0: using guessed type char var_2C[8];
417FE0: using guessed type char var_7C[8];
417FE0: using guessed type Point3D var_24;
417FE0: using guessed type char var_38[12];
417FE0: using guessed type char var_14[20];
[Patching] Loaded v0.1.2 - (c) Markus Gaasedelen - 2022
-----------------------------------------------------------------------------------------
Python 3.11.7 (tags/v3.11.7:fa7a6f2, Dec  4 2023, 19:24:49) [MSC v.1937 64 bit (AMD64)] 
IDAPython v7.4.0 final (serial 0) (c) The IDAPython Team <idapython@googlegroups.com>
-----------------------------------------------------------------------------------------