
  bytes   pages size description
--------- ----- ---- --------------------------------------------
 93364224 11397 8192 allocating memory for b-tree...
 31367168  3829 8192 allocating memory for virtual array...
   262144    32 8192 allocating memory for name pointers...
-----------------------------------------------------------------
124993536            total memory allocated

Loading processor module D:\Workspace\ra2mod\platform\IDA_Pro_v8.3_Portable\procs\pc.dll for metapc...Initializing processor module metapc...OK
Loading type libraries...
Autoanalysis subsystem has been initialized.
Database for file '' has been loaded.
Hex-Rays Decompiler plugin has been loaded (v8.3.0.230608)
  License: 57-0000-0000-00 Hex-Rays SA (32767 users)
  The hotkeys are F5: decompile, Ctrl-F5: decompile all.

  Please check the Edit/Plugins menu for more information.
================================================================================
Findcrypt v0.2 by David BERARD, 2017
Findcrypt search shortcut key is Ctrl-Alt-F
Global rules in D:\Workspace\ra2mod\platform\IDA_Pro_v8.3_Portable\plugins\findcrypt3.rules
User-defined rules in C:\Users\chris\AppData\Roaming\Hex-Rays\IDA Pro\plugins\findcrypt-yara/*.rules
================================================================================
Hex-rays version 8.3.0.230608 has been detected, gooMBA plugin ready to use

 IDA Strong Charset Code View 0.3 
 Show Strong Charset View Use 'shift' 
 Auto Set Default 8bit Decode to CP-ACP True.
 IDA Strong Charset Code View Plugin By 微笑一刀 

D:\Workspace\ra2mod\platform\KratosPP\ida_work\check_db_state.py: module 'ida_idaapi' has no attribute 'get_path'
Traceback (most recent call last):
  File "D:\Workspace\ra2mod\platform\IDA_Pro_v8.3_Portable\python\3\ida_idaapi.py", line 577, in IDAPython_ExecScript
    exec(code, g)
  File "D:/Workspace/ra2mod/platform/KratosPP/ida_work/check_db_state.py", line 78, in <module>
    main()
  File "D:/Workspace/ra2mod/platform/KratosPP/ida_work/check_db_state.py", line 37, in main
    add("idb        = %s" % ida_idaapi.get_path(ida_idaapi.PATH_TYPE_IDB))
                            ^^^^^^^^^^^^^^^^^^^
AttributeError: module 'ida_idaapi' has no attribute 'get_path'
 -> OK
Flushing buffers, please wait...ok
Unloading IDP module D:\Workspace\ra2mod\platform\IDA_Pro_v8.3_Portable\procs\pc.dll...IDA has found an unpacked version of database: D:\Workspace\ra2mod\platform\gamemd\gamemd.idb
on the disk.

Should we proceed with the unpacked files?
 -> Pro~c~eed with unpacked base

  bytes   pages size description
--------- ----- ---- --------------------------------------------
 93364224 11397 8192 allocating memory for b-tree...
 31367168  3829 8192 allocating memory for virtual array...
   262144    32 8192 allocating memory for name pointers...
-----------------------------------------------------------------
124993536            total memory allocated

Loading processor module D:\Workspace\ra2mod\platform\IDA_Pro_v8.3_Portable\procs\pc.dll for metapc...Initializing processor module metapc...OK
Loading type libraries...
Autoanalysis subsystem has been initialized.
Database for file '' has been loaded.
Hex-Rays Decompiler plugin has been loaded (v8.3.0.230608)
  License: 57-0000-0000-00 Hex-Rays SA (32767 users)
  The hotkeys are F5: decompile, Ctrl-F5: decompile all.

  Please check the Edit/Plugins menu for more information.
================================================================================
Findcrypt v0.2 by David BERARD, 2017
Findcrypt search shortcut key is Ctrl-Alt-F
Global rules in D:\Workspace\ra2mod\platform\IDA_Pro_v8.3_Portable\plugins\findcrypt3.rules
User-defined rules in C:\Users\chris\AppData\Roaming\Hex-Rays\IDA Pro\plugins\findcrypt-yara/*.rules
================================================================================
Hex-rays version 8.3.0.230608 has been detected, gooMBA plugin ready to use

 IDA Strong Charset Code View 0.3 
 Show Strong Charset View Use 'shift' 
 Auto Set Default 8bit Decode to CP-ACP True.
 IDA Strong Charset Code View Plugin By 微笑一刀 

FAILED: AttributeError("module 'ida_idaapi' has no attribute 'get_root_filename'")
Flushing buffers, please wait...ok
Unloading IDP module D:\Workspace\ra2mod\platform\IDA_Pro_v8.3_Portable\procs\pc.dll...
  bytes   pages size description
--------- ----- ---- --------------------------------------------
 93364224 11397 8192 allocating memory for b-tree...
 31367168  3829 8192 allocating memory for virtual array...
   262144    32 8192 allocating memory for name pointers...
-----------------------------------------------------------------
124993536            total memory allocated

Loading processor module D:\Workspace\ra2mod\platform\IDA_Pro_v8.3_Portable\procs\pc.dll for metapc...Initializing processor module metapc...OK
Loading type libraries...
Autoanalysis subsystem has been initialized.
Database for file '' has been loaded.
Hex-Rays Decompiler plugin has been loaded (v8.3.0.230608)
  License: 57-0000-0000-00 Hex-Rays SA (32767 users)
  The hotkeys are F5: decompile, Ctrl-F5: decompile all.

  Please check the Edit/Plugins menu for more information.
================================================================================
Findcrypt v0.2 by David BERARD, 2017
Findcrypt search shortcut key is Ctrl-Alt-F
Global rules in D:\Workspace\ra2mod\platform\IDA_Pro_v8.3_Portable\plugins\findcrypt3.rules
User-defined rules in C:\Users\chris\AppData\Roaming\Hex-Rays\IDA Pro\plugins\findcrypt-yara/*.rules
================================================================================
Hex-rays version 8.3.0.230608 has been detected, gooMBA plugin ready to use

 IDA Strong Charset Code View 0.3 
 Show Strong Charset View Use 'shift' 
 Auto Set Default 8bit Decode to CP-ACP True.
 IDA Strong Charset Code View Plugin By 微笑一刀 

FAILED: AttributeError("module 'ida_funcs' has no attribute 'get_functions'")
Flushing buffers, please wait...ok
Unloading IDP module D:\Workspace\ra2mod\platform\IDA_Pro_v8.3_Portable\procs\pc.dll...
  bytes   pages size description
--------- ----- ---- --------------------------------------------
 93364224 11397 8192 allocating memory for b-tree...
 31367168  3829 8192 allocating memory for virtual array...
   262144    32 8192 allocating memory for name pointers...
-----------------------------------------------------------------
124993536            total memory allocated

Loading processor module D:\Workspace\ra2mod\platform\IDA_Pro_v8.3_Portable\procs\pc.dll for metapc...Initializing processor module metapc...OK
Loading type libraries...
Autoanalysis subsystem has been initialized.
Database for file '' has been loaded.
Hex-Rays Decompiler plugin has been loaded (v8.3.0.230608)
  License: 57-0000-0000-00 Hex-Rays SA (32767 users)
  The hotkeys are F5: decompile, Ctrl-F5: decompile all.

  Please check the Edit/Plugins menu for more information.
================================================================================
Findcrypt v0.2 by David BERARD, 2017
Findcrypt search shortcut key is Ctrl-Alt-F
Global rules in D:\Workspace\ra2mod\platform\IDA_Pro_v8.3_Portable\plugins\findcrypt3.rules
User-defined rules in C:\Users\chris\AppData\Roaming\Hex-Rays\IDA Pro\plugins\findcrypt-yara/*.rules
================================================================================
Hex-rays version 8.3.0.230608 has been detected, gooMBA plugin ready to use

 IDA Strong Charset Code View 0.3 
 Show Strong Charset View Use 'shift' 
 Auto Set Default 8bit Decode to CP-ACP True.
 IDA Strong Charset Code View Plugin By 微笑一刀 

idb        = D:\Workspace\ra2mod\platform\gamemd\gamemd.idb
input      = None
hexrays    = True
functions  = 18423（有实义名 9642 / 自动名 sub_* 8779）

--- 关键地址命名 ---
0x004A9720  DisplayClass::Submit                            func=W?Submit$:DisplayClass$n(pnx$ObjectClass$$$LayerType$$)v  name@ea=W?Submit$:DisplayClass$n(pnx$ObjectClass$$$LayerType$$)v
0x004A9768  Submit 公共出口（Kratos hook 落点）                     func=W?Submit$:DisplayClass$n(pnx$ObjectClass$$$LayerType$$)v  name@ea=loc_4A9768
0x00424CB0  AnimClass::In_Which_Layer                       func=W?In_Which_Layer$:AnimClass$n.x()$LayerType$$  name@ea=W?In_Which_Layer$:AnimClass$n.x()$LayerType$$
0x0041ADC0  TechnoClass::InWhichLayer / FootClass 版         func=TechnoClass_InWhichLayer                    name@ea=TechnoClass_InWhichLayer
0x0070B570  TechnoClass vt+41C 倾斜积分器                        func=TechnoClass_41C                             name@ea=TechnoClass_41C
0x0054B8D0  JumpjetLocomotionClass::In_Which_Layer          func=sub_54B8D0                                  name@ea=sub_54B8D0
0x004CFCF0  FlyLocomotionClass::In_Which_Layer              func=sub_4CFCF0                                  name@ea=sub_4CFCF0
0x00739971  annotate_ida.py 注释过的 hook 点                     func=UnitClass_Try_To_Deploy                     name@ea=loc_739971
0x00449C30  BuildingClass::Mission_Deconstruction           func=BuildingClass_Mission_Deconstruction        name@ea=BuildingClass_Mission_Deconstruction

--- 注释存在性（判断 annotate_ida.py 是否在本 DB 上跑过）---
0x00739971  HOOK_DEPLOY（annotate 落点）   cmt_len=275  Kratos Hook 0x739971 (UnitClass_TryToDeploy_TransferAE): EBP
0x0044A04C  HOOK_UNDEPLOY（annotate 落点） cmt_len=176  Kratos Hook 0x44A04C: EBP=源建筑(this), EBX=新载具。建筑已 Remove、载具已 
0x00449FE7  CALL_REMOVE（annotate 落点）   cmt_len=114  this->Remove(): 源建筑移出地图 -> Kratos 0x6F6AC4 Remove hook 派发 On
0x0044A002  CALL_PUT（annotate 落点）      cmt_len=114  pUnit->Put(): 新载具放上地图 -> Kratos TechnoClass_Put hook 派发 OnPu
func_cmt @0x7393C0 len=304  UnitClass::Try_To_Deploy（IDA 原名 W?Try_To_Deploy$... 是错的）： | 载具

Flushing buffers, please wait...ok
Unloading IDP module D:\Workspace\ra2mod\platform\IDA_Pro_v8.3_Portable\procs\pc.dll...
  bytes   pages size description
--------- ----- ---- --------------------------------------------
 93364224 11397 8192 allocating memory for b-tree...
 31367168  3829 8192 allocating memory for virtual array...
   262144    32 8192 allocating memory for name pointers...
-----------------------------------------------------------------
124993536            total memory allocated

Loading processor module D:\Workspace\ra2mod\platform\IDA_Pro_v8.3_Portable\procs\pc.dll for metapc...Initializing processor module metapc...OK
Loading type libraries...
Autoanalysis subsystem has been initialized.
Database for file '' has been loaded.
Hex-Rays Decompiler plugin has been loaded (v8.3.0.230608)
  License: 57-0000-0000-00 Hex-Rays SA (32767 users)
  The hotkeys are F5: decompile, Ctrl-F5: decompile all.

  Please check the Edit/Plugins menu for more information.
================================================================================
Findcrypt v0.2 by David BERARD, 2017
Findcrypt search shortcut key is Ctrl-Alt-F
Global rules in D:\Workspace\ra2mod\platform\IDA_Pro_v8.3_Portable\plugins\findcrypt3.rules
User-defined rules in C:\Users\chris\AppData\Roaming\Hex-Rays\IDA Pro\plugins\findcrypt-yara/*.rules
================================================================================
Hex-rays version 8.3.0.230608 has been detected, gooMBA plugin ready to use

 IDA Strong Charset Code View 0.3 
 Show Strong Charset View Use 'shift' 
 Auto Set Default 8bit Decode to CP-ACP True.
 IDA Strong Charset Code View Plugin By 微笑一刀 

idb        = D:\Workspace\ra2mod\platform\gamemd\gamemd.idb
input      = None
hexrays    = True
functions  = 18423（有实义名 9642 / 自动名 sub_* 8779）

--- 关键地址命名 ---
0x004A9720  DisplayClass::Submit                            func=W?Submit$:DisplayClass$n(pnx$ObjectClass$$$LayerType$$)v  name@ea=W?Submit$:DisplayClass$n(pnx$ObjectClass$$$LayerType$$)v
0x004A9768  Submit 公共出口（Kratos hook 落点）                     func=W?Submit$:DisplayClass$n(pnx$ObjectClass$$$LayerType$$)v  name@ea=loc_4A9768
0x00424CB0  AnimClass::In_Which_Layer                       func=W?In_Which_Layer$:AnimClass$n.x()$LayerType$$  name@ea=W?In_Which_Layer$:AnimClass$n.x()$LayerType$$
0x0041ADC0  TechnoClass::InWhichLayer / FootClass 版         func=TechnoClass_InWhichLayer                    name@ea=TechnoClass_InWhichLayer
0x0070B570  TechnoClass vt+41C 倾斜积分器                        func=TechnoClass_41C                             name@ea=TechnoClass_41C
0x0054B8D0  JumpjetLocomotionClass::In_Which_Layer          func=sub_54B8D0                                  name@ea=sub_54B8D0
0x004CFCF0  FlyLocomotionClass::In_Which_Layer              func=sub_4CFCF0                                  name@ea=sub_4CFCF0
0x00739971  annotate_ida.py 注释过的 hook 点                     func=UnitClass_Try_To_Deploy                     name@ea=loc_739971
0x00449C30  BuildingClass::Mission_Deconstruction           func=BuildingClass_Mission_Deconstruction        name@ea=BuildingClass_Mission_Deconstruction

--- 注释存在性（判断 annotate_ida.py 是否在本 DB 上跑过）---
0x00739971  HOOK_DEPLOY（annotate 落点）   cmt_len=275  Kratos Hook 0x739971 (UnitClass_TryToDeploy_TransferAE): EBP
0x0044A04C  HOOK_UNDEPLOY（annotate 落点） cmt_len=176  Kratos Hook 0x44A04C: EBP=源建筑(this), EBX=新载具。建筑已 Remove、载具已 
0x00449FE7  CALL_REMOVE（annotate 落点）   cmt_len=114  this->Remove(): 源建筑移出地图 -> Kratos 0x6F6AC4 Remove hook 派发 On
0x0044A002  CALL_PUT（annotate 落点）      cmt_len=114  pUnit->Put(): 新载具放上地图 -> Kratos TechnoClass_Put hook 派发 OnPu
func_cmt @0x7393C0 len=304  UnitClass::Try_To_Deploy（IDA 原名 W?Try_To_Deploy$... 是错的）： | 载具

Flushing buffers, please wait...ok
Unloading IDP module D:\Workspace\ra2mod\platform\IDA_Pro_v8.3_Portable\procs\pc.dll...