
  bytes   pages size description
--------- ----- ---- --------------------------------------------
 93364224 11397 8192 allocating memory for b-tree...
 31367168  3829 8192 allocating memory for virtual array...
   262144    32 8192 allocating memory for name pointers...
-----------------------------------------------------------------
124993536            total memory allocated

Loading processor module D:\Workspace\ra2mod\platform\IDA_Pro_v8.3_Portable\procs\pc.dll for metapc...Initializing processor module metapc...OK
Loading type libraries...
Autoanalysis subsystem has been initialized.
Database for file '' has been loaded.
Hex-Rays Decompiler plugin has been loaded (v8.3.0.230608)
  License: 57-0000-0000-00 Hex-Rays SA (32767 users)
  The hotkeys are F5: decompile, Ctrl-F5: decompile all.

  Please check the Edit/Plugins menu for more information.
================================================================================
Findcrypt v0.2 by David BERARD, 2017
Findcrypt search shortcut key is Ctrl-Alt-F
Global rules in D:\Workspace\ra2mod\platform\IDA_Pro_v8.3_Portable\plugins\findcrypt3.rules
User-defined rules in C:\Users\chris\AppData\Roaming\Hex-Rays\IDA Pro\plugins\findcrypt-yara/*.rules
================================================================================
Hex-rays version 8.3.0.230608 has been detected, gooMBA plugin ready to use

 IDA Strong Charset Code View 0.3 
 Show Strong Charset View Use 'shift' 
 Auto Set Default 8bit Decode to CP-ACP True.
 IDA Strong Charset Code View Plugin By 微笑一刀 

函数 0x004DAFC0 名 = FootClass_Get_ZAdjustment（范围 0x004DAFC0..0x004DB09F）
hook 落点 0x4DB091 是否在本函数内: True

槽 0x007E2590 -> 虚表 ??_7AircraftClass@@6BAircraftClass@@@ @0x007E22A4  槽偏移 = +0x2EC
槽 0x007E8F80 -> 虚表 ??_7FootClass@@6BFootClass@@@ @0x007E8C94  槽偏移 = +0x2EC
槽 0x007EB344 -> 虚表 ??_7InfantryClass@@6BInfantryClass@@@ @0x007EB058  槽偏移 = +0x2EC
槽 0x007F5F5C -> 虚表 ??_7UnitClass@@6BUnitClass@@@ @0x007F5C70  槽偏移 = +0x2EC

★ 槽偏移集合 = +0x2EC

--- 谁引用该函数入口（XrefsTo 0x004DAFC0）---
  0x007E2590  type=1  dd offset FootClass_Get_ZAdjustment
  0x007E8C94  type=1  vt_FootClass <<<<<<offset AbstractClass_QueryInterface, \; 2 = "this", dock with "dock"
  0x007EB058  type=1  vt_InfantryClass <<<<<<<offset AbstractClass_QueryInterface,\; 2 = "this", dock with "dock"
  0x007F5F5C  type=1  dd offset FootClass_Get_ZAdjustment
共 4 处

Flushing buffers, please wait...ok
Unloading IDP module D:\Workspace\ra2mod\platform\IDA_Pro_v8.3_Portable\procs\pc.dll...